MODEL_NAME: jigsaw_finetune_everyday_gabriel_two_piece_correct_ds
MODULE: experiments
BATCH_SIZE: 4
NUM_WORKERS: 8
LOG_FILE_NAME: 
MODEL_SAVE_PATH: results/jigsaw_finetune_everyday_gabriel_two_piece_correct_ds/model_save
DATASET: breaking_bad.all_piece_matching
PROJECT: jigsaw
TRAIN:
  NUM_EPOCHS: 100
  OPTIMIZER: SGD
  LR: 0.0001
  PAIR_LR_MULT: 10.0
  LR_SCHEDULER: cosine
  LR_DECAY: 100.0
  LR_STEP: [10, 20]
  WARMUP_RATIO: 0.0
  CLIP_GRAD: None
  beta1: 0
  beta2: 0.9
  WEIGHT_DECAY: 0.0
  MOMENTUM: 0.9
  VAL_EVERY: 5
  VIS: True
  VAL_SAMPLE_VIS: 5
  LOSS: 
CALLBACK:
  MATCHING_TASK: ['trans']
  CHECKPOINT_MONITOR: val/mat_f1
  CHECKPOINT_MODE: max
LOSS:
EVAL:
GPUS: [0]
PARALLEL_STRATEGY: ddp
FP16: False
CUDNN: False
WEIGHT_FILE: checkpoint/jigsaw_multi_4x4_128_512_250e_cosine_everyday_weights.pt
OUTPUT_PATH: results/jigsaw_finetune_everyday_gabriel_two_piece_correct_ds
STATISTIC_STEP: 100
RANDOM_SEED: 42
STATS: ./results/jigsaw_finetune_everyday_gabriel_two_piece_correct_ds/stats/eval
MODEL:
  ROT_TYPE: rmat
  PC_FEAT_DIM: 128
  AFF_FEAT_DIM: 512
  AFFINITY: aff_dual
  ENCODER: pointnet2_pt.msg.dynamic
  TEST_S_MASK: True
  PC_CLS_METHOD: multi
  PC_NUM_CLS: 2
  SINKHORN_MAXITER: 20
  SINKHORN_TAU: 0.05
  TF_NUM_HEADS: 8
  TF_NUM_SAMPLE: 16
  USE_PAIR_BIAS: False
  USE_DOUBLE_ATTN: False
  USE_GABRIEL: True
  LOSS:
    w_cls_loss: 1.0
    w_mat_loss: 1.0
    mat_epoch: 0
    w_rig_loss: 1.0
    rig_epoch: 30
DATA:
  DATA_DIR: /workspace
  DATA_FN: everyday.{}.txt
  DATA_KEYS: ('part_ids',)
  SUBSET: everyday
  CATEGORY: 
  ALL_CATEGORY: ['BeerBottle', 'Bowl', 'Cup', 'DrinkingUtensil', 'Mug', 'Plate', 'Spoon', 'Teacup', 'ToyFigure', 'WineBottle', 'Bottle', 'Cookie', 'DrinkBottle', 'Mirror', 'PillBottle', 'Ring', 'Statue', 'Teapot', 'Vase', 'WineGlass']
  ROT_RANGE: -1.0
  NUM_PC_POINTS: 5000
  MIN_PART_POINT: 30
  MIN_NUM_PART: 2
  MAX_NUM_PART: 2
  SHUFFLE_PARTS: False
  SAMPLE_BY: area
  LENGTH: -1
  TEST_LENGTH: -1
  OVERFIT: -1
  FRACTURE_LABEL_THRESHOLD: 0.025
  COLORS: [[0, 204, 0], [204, 0, 0], [0, 0, 204], [127, 127, 0], [127, 0, 127], [0, 127, 127], [76, 153, 0], [153, 0, 76], [76, 0, 153], [153, 76, 0], [76, 0, 153], [153, 0, 76], [204, 51, 127], [204, 51, 127], [51, 204, 127], [51, 127, 204], [127, 51, 204], [127, 204, 51], [76, 76, 178], [76, 178, 76], [178, 76, 76]]
Warning: /workspace/BeerBottle/2927d6c8438f6e24fe6460d8d9bd16c6 is not a valid directory, skipping.
Warning: /workspace/BeerBottle/f853ac62bc288e48e56a63d21fb60ae9 is not a valid directory, skipping.
Warning: /workspace/BeerBottle/412289ded0359b326802d3678aa9d56b is not a valid directory, skipping.
Warning: /workspace/BeerBottle/e8b48d395d3d8744e53e6e0633163da8 is not a valid directory, skipping.
Warning: /workspace/BeerBottle/3f91158956ad7db0322747720d7d37e8 is not a valid directory, skipping.
Warning: /workspace/BeerBottle/5566f264a6fa08cd2a68e506fbd6eecf is not a valid directory, skipping.
Warning: /workspace/BeerBottle/8309e710832c07f91082f2ea630bf69e is not a valid directory, skipping.
Warning: /workspace/BeerBottle/799397068de1ae1c4587d6a85176d7a0 is not a valid directory, skipping.
Warning: /workspace/Bottle/1d4093ad2dfad9df24be2e4f911ee4af is not a valid directory, skipping.
Warning: /workspace/Bottle/114509277e76e413c8724d5673a063a6 is not a valid directory, skipping.
Warning: /workspace/Bottle/2927d6c8438f6e24fe6460d8d9bd16c6 is not a valid directory, skipping.
Warning: /workspace/Bottle/6aba175c988c8bec9fac57ed2e044778 is not a valid directory, skipping.
Warning: /workspace/Bottle/dc0926ce09d6ce78eb8e919b102c6c08 is not a valid directory, skipping.
Warning: /workspace/Bottle/20b7adb178ea2c71d8892a9c05c4aa0e is not a valid directory, skipping.
Warning: /workspace/Bottle/f6de2a85da0e89b53f222a37719e9945 is not a valid directory, skipping.
Warning: /workspace/Bottle/6ca2149ac6d3699130612f5c0ef21eb8 is not a valid directory, skipping.
Warning: /workspace/Bottle/e8b48d395d3d8744e53e6e0633163da8 is not a valid directory, skipping.
Warning: /workspace/Bottle/6b810dbc89542fd8a531220b48579115 is not a valid directory, skipping.
Warning: /workspace/Bottle/ec42773c595dc08e4d678187b8261d95 is not a valid directory, skipping.
Warning: /workspace/Bottle/8c5cbb906d1d60c1373c7fadc92f60e1 is not a valid directory, skipping.
Warning: /workspace/Bottle/c5e425b9b1f4f42b6d7d15cb5e1928e is not a valid directory, skipping.
Warning: /workspace/Bottle/2d3f7082ad6d293daf6843c094838b08 is not a valid directory, skipping.
Warning: /workspace/Bottle/c382be46c8ab7815d333084c1357713e is not a valid directory, skipping.
Warning: /workspace/Bottle/244894af3ba967ccd957eaf7f4edb205 is not a valid directory, skipping.
Warning: /workspace/Bottle/ba85427b56a4619ad2b623ffc463478b is not a valid directory, skipping.
Warning: /workspace/Bottle/81bbf3134d1ca27a58449bd132e3a3fe is not a valid directory, skipping.
Warning: /workspace/Bottle/11a0f60b9baaaf59968608843530f3d7 is not a valid directory, skipping.
Warning: /workspace/Bottle/74221bae887b0e801ab89e10ca4a3aec is not a valid directory, skipping.
Warning: /workspace/Bottle/5566f264a6fa08cd2a68e506fbd6eecf is not a valid directory, skipping.
Warning: /workspace/Bottle/f331ad8d0e6654ef8f992b1fe7075c8f is not a valid directory, skipping.
Warning: /workspace/Bottle/412289ded0359b326802d3678aa9d56b is not a valid directory, skipping.
Warning: /workspace/Bottle/8748b67d0ba5f35f724d867867ccd9fb is not a valid directory, skipping.
Warning: /workspace/Bottle/c0b6be0fb83b237f504721639e19f609 is not a valid directory, skipping.
Warning: /workspace/Bottle/7b1fc86844257f8fa54fd40ef3a8dfd0 is not a valid directory, skipping.
Warning: /workspace/Bottle/defc45107217afb846564a8a219239b is not a valid directory, skipping.
Warning: /workspace/Bottle/a1c63c463ad7fc1fb549927fbd0d12d is not a valid directory, skipping.
Warning: /workspace/Bottle/1e5abf0465d97d826118a17db9de8c0 is not a valid directory, skipping.
Warning: /workspace/Bottle/371b604f78300e02d76ab6ff59fe7e10 is not a valid directory, skipping.
Warning: /workspace/Bottle/4b5f54fc4e629371cf078dc7b29022e6 is not a valid directory, skipping.
Warning: /workspace/Bottle/9edfe64416a9646e30612f5c0ef21eb8 is not a valid directory, skipping.
Warning: /workspace/Bottle/6642f712146b65d959aed18156aac466 is not a valid directory, skipping.
Warning: /workspace/Bottle/acc67510dd228d01d7cbb1f9251b6139 is not a valid directory, skipping.
Warning: /workspace/Bottle/799397068de1ae1c4587d6a85176d7a0 is not a valid directory, skipping.
Warning: /workspace/Bottle/24feb92770933b1663995fb119e59971 is not a valid directory, skipping.
Warning: /workspace/Bottle/f452c1053f88cd2fc21f7907838a35d1 is not a valid directory, skipping.
Warning: /workspace/Bottle/d2e7e725aa6b39f0d333084c1357713e is not a valid directory, skipping.
Warning: /workspace/Bottle/738d7eb5c8800842f8060bac8721179 is not a valid directory, skipping.
Warning: /workspace/Bottle/1b64b36bf7ddae3d7ad11050da24bb12 is not a valid directory, skipping.
Warning: /workspace/Bottle/fa44223c6f785c60e71da2487cb2ee5b is not a valid directory, skipping.
Warning: /workspace/Bottle/d8b6c270d29c58c55627157b31e16dc2 is not a valid directory, skipping.
Warning: /workspace/Bottle/a34966853ab2272ab2047d3072d5e051 is not a valid directory, skipping.
Warning: /workspace/Bottle/bb234652525a68498d969821a85884b2 is not a valid directory, skipping.
Warning: /workspace/Bottle/1c79735033726294724d5ee7f09ab66b is not a valid directory, skipping.
Warning: /workspace/Bottle/7d41c6018862dc419d231837a704886d is not a valid directory, skipping.
Warning: /workspace/Bottle/3108a736282eec1bc58e834f0b160845 is not a valid directory, skipping.
Warning: /workspace/Bottle/8efea19de0ce5bf51ca3ed9192f044dd is not a valid directory, skipping.
Warning: /workspace/Bottle/5ad47181a9026fc728cc22dce7529b69 is not a valid directory, skipping.
Warning: /workspace/Bottle/6d680415396d14d4d7c5502d4a22edf5 is not a valid directory, skipping.
Warning: /workspace/Bottle/af3dda1cfe61d0fc9403b0d0536a04af is not a valid directory, skipping.
Warning: /workspace/Bottle/abe3a232d973941d49a3c1009fa79820 is not a valid directory, skipping.
Warning: /workspace/Bottle/fdc47f5f8dff184830eaaf40a8a562c1 is not a valid directory, skipping.
Warning: /workspace/Bottle/9afea0432f292379dc0e610397fef7f9 is not a valid directory, skipping.
Warning: /workspace/Bottle/8309e710832c07f91082f2ea630bf69e is not a valid directory, skipping.
Warning: /workspace/Bottle/621e786d6343d3aa2c96718b14a4add9 is not a valid directory, skipping.
Warning: /workspace/Bottle/3f91158956ad7db0322747720d7d37e8 is not a valid directory, skipping.
Warning: /workspace/Bowl/95ac294f47fd7d87e0b49f27ced29e3 is not a valid directory, skipping.
Warning: /workspace/Bowl/49a0a84ee5a91344b11c5cce13f76151 is not a valid directory, skipping.
Warning: /workspace/Bowl/38af522494d535151f6a5b0146bf3030 is not a valid directory, skipping.
Warning: /workspace/Bowl/a2841256fc6fd90da518b93bb7233de6 is not a valid directory, skipping.
Warning: /workspace/Bowl/68582543c4c6d0bccfdfe3f21f42a111 is not a valid directory, skipping.
Warning: /workspace/Bowl/1be987c137d37f0b7c15f7bdb6fa82dd is not a valid directory, skipping.
Warning: /workspace/Bowl/50ad83141272138a606b9bf35534b61b is not a valid directory, skipping.
Warning: /workspace/Bowl/ecb86f63e92e346a25c70fb1df3f879b is not a valid directory, skipping.
Warning: /workspace/Bowl/4be4184845972fba5ea36d5a57a5a3bb is not a valid directory, skipping.
Warning: /workspace/Bowl/53476e51e6bb59eaf35de0153a1c1eca is not a valid directory, skipping.
Warning: /workspace/Bowl/75467099fb4d6984df85db41e3677c28 is not a valid directory, skipping.
Warning: /workspace/Bowl/2eb4cfc59205bb3a147c505998f546dd is not a valid directory, skipping.
Warning: /workspace/Bowl/6c3bf99a9534c75314513156cf2b8d0d is not a valid directory, skipping.
Warning: /workspace/Bowl/9bc687dcffc25b955d20b6ca8788556a is not a valid directory, skipping.
Warning: /workspace/Bowl/7ebbe5e7d05da436f926435cc723d8ad is not a valid directory, skipping.
Warning: /workspace/Bowl/8eab5598b81afd7bab5b523beb03efcd is not a valid directory, skipping.
Warning: /workspace/Bowl/518833fb88d143ddee8f0f6d51f8e71b is not a valid directory, skipping.
Warning: /workspace/Bowl/64ccb121147c56af48ce81ccd3000f65 is not a valid directory, skipping.
Warning: /workspace/Bowl/4845731dbf7522b07492cbf7d8bec255 is not a valid directory, skipping.
Warning: /workspace/Bowl/2efc35a3625fa50961a9876fa6384765 is not a valid directory, skipping.
Warning: /workspace/Bowl/8e840ba109f252534c6955b188e290e0 is not a valid directory, skipping.
Warning: /workspace/Bowl/4417f06a1a1d213f4b6cec3185574478 is not a valid directory, skipping.
Warning: /workspace/Bowl/d65a2b5811df52f2e10ddc5f810dd417 is not a valid directory, skipping.
Warning: /workspace/Bowl/b70690efb402013233e4fde2bc371944 is not a valid directory, skipping.
Warning: /workspace/Bowl/da1f2b790740d6b61310f14cdd81f288 is not a valid directory, skipping.
Warning: /workspace/Bowl/8bb057d18e2fcc4779368d1198f406e7 is not a valid directory, skipping.
Warning: /workspace/Bowl/9a52843cc89cd208362be90aaa182ec6 is not a valid directory, skipping.
Warning: /workspace/Cookie/ccfa74e5574678325cde8c99e4b182f9 is not a valid directory, skipping.
Warning: /workspace/Cookie/a8e3118bec4c495f737a00f007529fbf is not a valid directory, skipping.
Warning: /workspace/Cookie/2ec24ca1dd42c39f6ad0370a38d43358 is not a valid directory, skipping.
Warning: /workspace/Cup/dc1c220c8ef89a5d1a57566a9a7e5976 is not a valid directory, skipping.
Warning: /workspace/Cup/89cf9af7513ecd0947bdf66811027e14 is not a valid directory, skipping.
Warning: /workspace/Cup/75dd1eb981f15ad166ab797924e689f7 is not a valid directory, skipping.
Warning: /workspace/Cup/1e227771ef66abdb4212ff51b27f0221 is not a valid directory, skipping.
Warning: /workspace/Cup/e1a88aaf815c847d7d2b35f495afbe58 is not a valid directory, skipping.
Warning: /workspace/Cup/9d5ae32fe7c6f825c8e7963449f8577 is not a valid directory, skipping.
Warning: /workspace/Cup/f9244dc91aebf77ba4c322790a683350 is not a valid directory, skipping.
Warning: /workspace/Cup/64ce0c349a57f9ca488887a53f46a53 is not a valid directory, skipping.
Warning: /workspace/Cup/d7afcf40b20235c37d6b772ca12ba5aa is not a valid directory, skipping.
Warning: /workspace/Cup/5d034d08b3afb0054212ff51b27f0221 is not a valid directory, skipping.
Warning: /workspace/Cup/800552db50e7f0da9599371049c32d38 is not a valid directory, skipping.
Warning: /workspace/Cup/81a3211c23e49d7739d900aac4aa1cce is not a valid directory, skipping.
Warning: /workspace/Cup/39676deca53bdfe568bc0d099ddc0d94 is not a valid directory, skipping.
Warning: /workspace/Cup/97aa1929318460e69dfbd41352e3517a is not a valid directory, skipping.
Warning: /workspace/Cup/cd82398f7e6b64b08c9441777325d0fd is not a valid directory, skipping.
Warning: /workspace/Cup/181846dba8cfa3e91fc277ccdec7582 is not a valid directory, skipping.
Warning: /workspace/Cup/b8eb2779ba97d947c9e47f42da1a9643 is not a valid directory, skipping.
Warning: /workspace/Cup/11705ed6a5b1ed37f83d00225df18677 is not a valid directory, skipping.
Warning: /workspace/Cup/fbd39539ca4b2a124e23e9314af9ae57 is not a valid directory, skipping.
Warning: /workspace/Cup/d8ea3aa39bcb162798910e50f05b8001 is not a valid directory, skipping.
Warning: /workspace/Cup/c59440ee1e2e1433f15777656316b8aa is not a valid directory, skipping.
Warning: /workspace/Cup/50ba488200fff98bdccf03d91dc58d38 is not a valid directory, skipping.
Warning: /workspace/Cup/606d1ca3ca3cd8a9825c10ff30444226 is not a valid directory, skipping.
Warning: /workspace/Cup/ae1c602ee16282224212ff51b27f0221 is not a valid directory, skipping.
Warning: /workspace/DrinkBottle/5e67380e99a257814e5292217a77cd7 is not a valid directory, skipping.
Warning: /workspace/DrinkBottle/1ef68777bfdb7d6ba7a07ee616e34cd7 is not a valid directory, skipping.
Warning: /workspace/DrinkBottle/738d7eb5c8800842f8060bac8721179 is not a valid directory, skipping.
Warning: /workspace/DrinkBottle/7446fa250adf49c5e7ef9fff09638f8e is not a valid directory, skipping.
Warning: /workspace/DrinkBottle/a429f8eb0c3e6a1e6ea2d79f658bbae7 is not a valid directory, skipping.
Warning: /workspace/DrinkBottle/c0b6be0fb83b237f504721639e19f609 is not a valid directory, skipping.
Warning: /workspace/DrinkingUtensil/a0c1d7de5f9c08b69154bae3578e13c1 is not a valid directory, skipping.
Warning: /workspace/DrinkingUtensil/2e228ee528f0a7054212ff51b27f0221 is not a valid directory, skipping.
Warning: /workspace/DrinkingUtensil/31ec660f1bdbec47ddcb31426795fd11 is not a valid directory, skipping.
Warning: /workspace/DrinkingUtensil/f2a6dba44fcb7ca030612f5c0ef21eb8 is not a valid directory, skipping.
Warning: /workspace/DrinkingUtensil/f23a544c04e2f5ccb50d0c6a0c254040 is not a valid directory, skipping.
Warning: /workspace/DrinkingUtensil/fad118b32085f3f2c2c72e575af174cd is not a valid directory, skipping.
Warning: /workspace/DrinkingUtensil/5600c26d4baa13d730612f5c0ef21eb8 is not a valid directory, skipping.
Warning: /workspace/DrinkingUtensil/c491d8bc77f4fb1ca4c322790a683350 is not a valid directory, skipping.
Warning: /workspace/DrinkingUtensil/588bc5c6c296fa9cd858706c4c6b1423 is not a valid directory, skipping.
Warning: /workspace/DrinkingUtensil/eccfd74cb0014d474212ff51b27f0221 is not a valid directory, skipping.
Warning: /workspace/DrinkingUtensil/50651245d23db6bfd4c7c9add3ce42f3 is not a valid directory, skipping.
Warning: /workspace/Mirror/ad5a6d3f05284bde83f3ef99fe735c7e is not a valid directory, skipping.
Warning: /workspace/Mirror/485f4c9da0348ab4e552ee47f47ae09a is not a valid directory, skipping.
Warning: /workspace/Mirror/6bf0f5e06cb748bb9671c58246946ed6 is not a valid directory, skipping.
Warning: /workspace/Mirror/d579d22b8a1c2fcdd0e326df7b92a666 is not a valid directory, skipping.
Warning: /workspace/Mirror/ecb0c4cbc28320dc5ccd4f99ed6d85e3 is not a valid directory, skipping.
Warning: /workspace/Mirror/7d4a702f45999d343f7e27638e63d848 is not a valid directory, skipping.
Warning: /workspace/Mirror/7fe270a9cb7621ed157bba5da16c1cd3 is not a valid directory, skipping.
Warning: /workspace/Mirror/1dc7f7d076afd0ccf11c3739edd52fa3 is not a valid directory, skipping.
Warning: /workspace/Mirror/d97dbcad4f2786f0b877c077186eb35f is not a valid directory, skipping.
Warning: /workspace/Mirror/de444f5117dde4fa20bf9756ac49fafa is not a valid directory, skipping.
Warning: /workspace/Mirror/4b3e576378e5571aa9a81fd803d87d3e is not a valid directory, skipping.
Warning: /workspace/Mirror/fe79174a9f953291b60747861a92b009 is not a valid directory, skipping.
Warning: /workspace/Mirror/d23187b889042017cc4cd6c58bd35c0c is not a valid directory, skipping.
Warning: /workspace/Mirror/6336b5516cc8bd50635469b95109803c is not a valid directory, skipping.
Warning: /workspace/Mirror/1c0332c81b3edba835836c728d324152 is not a valid directory, skipping.
Warning: /workspace/Mirror/601c0760bf9771c61ddda637ecba1025 is not a valid directory, skipping.
Warning: /workspace/Mirror/64787f14d1a665c3575521cb6b84d22e is not a valid directory, skipping.
Warning: /workspace/Mirror/ac64eadd9e8139c6a0f1202f391a1c2a is not a valid directory, skipping.
Warning: /workspace/Mirror/39dd90f6ff8aee0535836c728d324152 is not a valid directory, skipping.
Warning: /workspace/Mirror/a3f89a8c3aea8cdf35836c728d324152 is not a valid directory, skipping.
Warning: /workspace/Mirror/e39a006f3c089f3b1021cd55d164c0ed is not a valid directory, skipping.
Warning: /workspace/Mirror/be043d6628d885891fc56912e22744f is not a valid directory, skipping.
Warning: /workspace/Mirror/36d2cb436ef75bc7fae7b9efb5c3bbd1 is not a valid directory, skipping.
Warning: /workspace/Mirror/391e6f3a92a48417cc4cd6c58bd35c0c is not a valid directory, skipping.
Warning: /workspace/Mirror/329491717ac1a15835836c728d324152 is not a valid directory, skipping.
Warning: /workspace/Mirror/6734a3c4acecddd6a93d9d7058352745 is not a valid directory, skipping.
Warning: /workspace/Mirror/92a1e771eb621c14c2a5a06bb7a05e87 is not a valid directory, skipping.
Warning: /workspace/Mirror/97b3ad5ef72aa25a3bac5db195d5c0cc is not a valid directory, skipping.
Warning: /workspace/Mirror/20663f59bb090670773ac2123317e26f is not a valid directory, skipping.
Warning: /workspace/Mirror/d88c21ff113a2b8a696ba2a9e3c77d99 is not a valid directory, skipping.
Warning: /workspace/Mirror/f290da1f292718751fc56912e22744f is not a valid directory, skipping.
Warning: /workspace/Mirror/506137c7512fe09271d95e285252f806 is not a valid directory, skipping.
Warning: /workspace/Mirror/3c606dcfa914bc3435836c728d324152 is not a valid directory, skipping.
Warning: /workspace/Mirror/10b81dfbb3ba3e8835836c728d324152 is not a valid directory, skipping.
Warning: /workspace/Mirror/7eed749ec4a3e391289014a3a9ce92 is not a valid directory, skipping.
Warning: /workspace/Mirror/b1598cc4f821dc6c8adbf302116d52d is not a valid directory, skipping.
Warning: /workspace/Mug/b7841572364fd9ce1249ffc39a0c3c0b is not a valid directory, skipping.
Warning: /workspace/Mug/2073dd06f62b46d43c8079bde16af00d is not a valid directory, skipping.
Warning: /workspace/Mug/52273f4b17505e898ef19a48ac4fcfdf is not a valid directory, skipping.
Warning: /workspace/Mug/6a9b31e1298ca1109c515ccf0f61e75f is not a valid directory, skipping.
Warning: /workspace/Mug/62634df2ad8f19b87d1b7935311a2ed0 is not a valid directory, skipping.
Warning: /workspace/Mug/24651c3767aa5089e19f4cee87249aca is not a valid directory, skipping.
Warning: /workspace/Mug/d7ba704184d424dfd56d9106430c3fe is not a valid directory, skipping.
Warning: /workspace/Mug/f1c5b9bb744afd96d6e1954365b10b52 is not a valid directory, skipping.
Warning: /workspace/Mug/df026976dc03197213ac44947b92716e is not a valid directory, skipping.
Warning: /workspace/Mug/7223820f07fd6b55e453535335057818 is not a valid directory, skipping.
Warning: /workspace/Mug/23fb2a2231263e261a9ac99425d3b306 is not a valid directory, skipping.
Warning: /workspace/Mug/48e260a614c0fd4434a8988fdcee4fde is not a valid directory, skipping.
Warning: /workspace/Mug/542235fc88d22e1e3406473757712946 is not a valid directory, skipping.
Warning: /workspace/Mug/10f6e09036350e92b3f21f1137c3c347 is not a valid directory, skipping.
Warning: /workspace/Mug/46ed9dad0440c043d33646b0990bb4a is not a valid directory, skipping.
Warning: /workspace/Mug/547b3284875a6ce535deb3b0c692a2a is not a valid directory, skipping.
Warning: /workspace/Mug/d0a3fdd33c7e1eb040bc4e38b9ba163e is not a valid directory, skipping.
Warning: /workspace/Mug/85d5e7be548357baee0fa456543b8166 is not a valid directory, skipping.
Warning: /workspace/Mug/e79d807e1093c6174e716404e6ec3a5f is not a valid directory, skipping.
Warning: /workspace/Mug/d75af64aa166c24eacbe2257d0988c9c is not a valid directory, skipping.
Warning: /workspace/Mug/d309d5f8038df4121198791a5b8655c is not a valid directory, skipping.
Warning: /workspace/Mug/159e56c18906830278d8f8c02c47cde0 is not a valid directory, skipping.
Warning: /workspace/Mug/c51b79493419eccdc1584fff35347dc6 is not a valid directory, skipping.
Warning: /workspace/Mug/e984fd7e97c2be347eaeab1f0c9120b7 is not a valid directory, skipping.
Warning: /workspace/Mug/b46a9c35587a38f6e87dab59b7e63362 is not a valid directory, skipping.
Warning: /workspace/Mug/ea33ad442b032208d778b73d04298f62 is not a valid directory, skipping.
Warning: /workspace/Mug/128ecbc10df5b05d96eaf1340564a4de is not a valid directory, skipping.
Warning: /workspace/Mug/b88bcf33f25c6cb15b4f129f868dedb is not a valid directory, skipping.
Warning: /workspace/Mug/b811555ccf5ef6c4948fa2daa427fe1f is not a valid directory, skipping.
Warning: /workspace/Mug/6aec84952a5ffcf33f60d03e1cb068dc is not a valid directory, skipping.
Warning: /workspace/Mug/40f9a6cc6b2c3b3a78060a3a3a55e18f is not a valid directory, skipping.
Warning: /workspace/Mug/5b515d0b0c6740d5c5fe7f65b41f3b19 is not a valid directory, skipping.
Warning: /workspace/Mug/187859d3c3a2fd23f54e1b6f41fdd78a is not a valid directory, skipping.
Warning: /workspace/Mug/c7f8d39c406fee941050b055aafa6fb8 is not a valid directory, skipping.
Warning: /workspace/PillBottle/f6de2a85da0e89b53f222a37719e9945 is not a valid directory, skipping.
Warning: /workspace/PillBottle/11a0f60b9baaaf59968608843530f3d7 is not a valid directory, skipping.
Warning: /workspace/PillBottle/8e6277003de9770a7c35d3c5d3b1fcf7 is not a valid directory, skipping.
Warning: /workspace/PillBottle/fdc47f5f8dff184830eaaf40a8a562c1 is not a valid directory, skipping.
Warning: /workspace/PillBottle/ec42773c595dc08e4d678187b8261d95 is not a valid directory, skipping.
Warning: /workspace/PillBottle/6aba175c988c8bec9fac57ed2e044778 is not a valid directory, skipping.
Warning: /workspace/PillBottle/6230f6c8fb4987db4489e8d156e61135 is not a valid directory, skipping.
Warning: /workspace/PillBottle/bb234652525a68498d969821a85884b2 is not a valid directory, skipping.
Warning: /workspace/Plate/17e958fa60740e4c3c143af07c12991a is not a valid directory, skipping.
Warning: /workspace/Plate/6907973366e2d8ca7f181d2694cd239b is not a valid directory, skipping.
Warning: /workspace/Plate/1389e932a2c776d83c143af07c12991a is not a valid directory, skipping.
Warning: /workspace/Plate/cc87e29afe238126e20e92c5b8147e4a is not a valid directory, skipping.
Warning: /workspace/Plate/dc460c2d0c94098d8af30108ea9ccb6c is not a valid directory, skipping.
Warning: /workspace/Plate/c36966119b500162c095b28b76313ec2 is not a valid directory, skipping.
Warning: /workspace/Plate/6372c4d2e046d0fd7d3aa3bae1f7b494 is not a valid directory, skipping.
Warning: /workspace/Plate/fbc3702c344581fc5dca6305fb9f97ca is not a valid directory, skipping.
Warning: /workspace/Plate/f151b5b32400054bebe0518a81e2c5c8 is not a valid directory, skipping.
Warning: /workspace/Plate/bbeb9bbba056600d97fe54771f5481c7 is not a valid directory, skipping.
Warning: /workspace/Plate/17079f40cfdc719a3f7d5255ff865380 is not a valid directory, skipping.
Warning: /workspace/Plate/9afc9d6669f57db51bb40575ac9d9dd3 is not a valid directory, skipping.
Warning: /workspace/Plate/f91a40237428ea779a8a8c3e38b7aa20 is not a valid directory, skipping.
Warning: /workspace/Ring/74cd9bcdf1ae8be08b799476ffd68751 is not a valid directory, skipping.
Warning: /workspace/Ring/22b774d60d8096bad0f7e2bf0e4be74d is not a valid directory, skipping.
Warning: /workspace/Ring/38ee30fb91dea90d3bca0b608dd49a42 is not a valid directory, skipping.
Warning: /workspace/Ring/e12a391eefd6196c89518a435d4410dd is not a valid directory, skipping.
Warning: /workspace/Ring/9451d2c47dcc1980446afc8051bc4afc is not a valid directory, skipping.
Warning: /workspace/Ring/5d54885f9b7f64b1b59cdd71b032af64 is not a valid directory, skipping.
Warning: /workspace/Ring/9b586cba3598cca2fffe50105e90d100 is not a valid directory, skipping.
Warning: /workspace/Spoon/91b14c74a87d1ed51e652fa812161367 is not a valid directory, skipping.
Warning: /workspace/Spoon/de731d4ac7341e15c58e834f0b160845 is not a valid directory, skipping.
Warning: /workspace/Spoon/552f9c566cbbbae87c8489092272d18 is not a valid directory, skipping.
Warning: /workspace/Spoon/71b28e4dab2b20b11e652fa812161367 is not a valid directory, skipping.
Warning: /workspace/Spoon/dfd87854f4686dffabeb890a269504bb is not a valid directory, skipping.
Warning: /workspace/Spoon/fa8c1f01f3c09bc7763cd81c1b401a16 is not a valid directory, skipping.
Warning: /workspace/Spoon/26f1379087fc3a863742135a31826a22 is not a valid directory, skipping.
Warning: /workspace/Spoon/a40b92a4b1206a23634c2548420e5c66 is not a valid directory, skipping.
Warning: /workspace/Statue/114aff55d9933650a83967b36ab91a2e is not a valid directory, skipping.
Warning: /workspace/Statue/d3ca5d06ad8ab969b2644d7d4d7ea2c7 is not a valid directory, skipping.
Warning: /workspace/Statue/c2f594f29b86cb8fcad6a699dd685278 is not a valid directory, skipping.
Warning: /workspace/Teacup/5b4f446bc0844d8a502ac88bde4dfaa5 is not a valid directory, skipping.
Warning: /workspace/Teacup/31fcf965836ab3484212ff51b27f0221 is not a valid directory, skipping.
Warning: /workspace/Teacup/659192a6ba300f1f4293529704725d98 is not a valid directory, skipping.
Warning: /workspace/Teacup/7806742802bf70784212ff51b27f0221 is not a valid directory, skipping.
Warning: /workspace/Teacup/5bbc259497af2fa15db77ed1f5c8b93 is not a valid directory, skipping.
Warning: /workspace/Teacup/2e8d37b3dd65c312b8f0377fb16daf9d is not a valid directory, skipping.
Warning: /workspace/Teapot/ce04f39420c7c3e82fb82d326efadfe3 is not a valid directory, skipping.
Warning: /workspace/Teapot/ef16485d8a6750e84212ff51b27f0221 is not a valid directory, skipping.
Warning: /workspace/Teapot/93c6553dc3f2ad11012cc02986a86c3 is not a valid directory, skipping.
Warning: /workspace/Teapot/3d2cafbf9a6a2da44212ff51b27f0221 is not a valid directory, skipping.
Warning: /workspace/Teapot/13961f08fe5b4c549ef60e9225cbea3a is not a valid directory, skipping.
Warning: /workspace/Teapot/139af10e719186bddaa266217a65f9d7 is not a valid directory, skipping.
Warning: /workspace/Teapot/5a471458da447600fea9cf313bd7758b is not a valid directory, skipping.
Warning: /workspace/Teapot/7c381f85d3b6e8f46a47bc678e9c8907 is not a valid directory, skipping.
Warning: /workspace/ToyFigure/c316443737330629ff4bf5889ecc03a5 is not a valid directory, skipping.
Warning: /workspace/ToyFigure/ed09908f11125fb6b1610c1351add50e is not a valid directory, skipping.
Warning: /workspace/ToyFigure/d45505e72c54533ec4217b88fb330b04 is not a valid directory, skipping.
Warning: /workspace/ToyFigure/a3087c9105fe0878d18a6b3b9816ca14 is not a valid directory, skipping.
Warning: /workspace/ToyFigure/215e4b59683247378a3e8bd3a4e48433 is not a valid directory, skipping.
Warning: /workspace/ToyFigure/2936cf91218a53dee04e4d5188c661b9 is not a valid directory, skipping.
Warning: /workspace/ToyFigure/3ba8803f914ac8d767ff608a5fbe6aa8 is not a valid directory, skipping.
Warning: /workspace/ToyFigure/427528aa930e859db9df0ee87726d245 is not a valid directory, skipping.
Warning: /workspace/ToyFigure/670b3162fe029fabd9dca9cd630ba2ba is not a valid directory, skipping.
Warning: /workspace/ToyFigure/2cd9ec4e736d25ed57ecc706f7088340 is not a valid directory, skipping.
Warning: /workspace/ToyFigure/5d7cfdd7b9b1f314ccb9d5278825aef9 is not a valid directory, skipping.
Warning: /workspace/ToyFigure/60c574a293b9f2014f60944ced2b5887 is not a valid directory, skipping.
Warning: /workspace/ToyFigure/baf6c6a5e50e38d275d9a619fe66717e is not a valid directory, skipping.
Warning: /workspace/ToyFigure/803799ab2024d7bf6811e87c02909b0a is not a valid directory, skipping.
Warning: /workspace/ToyFigure/b7533865b357f4a4aa008dc56caffad9 is not a valid directory, skipping.
Warning: /workspace/ToyFigure/36b13c92d0d23f1433eddc4ad251356e is not a valid directory, skipping.
Warning: /workspace/ToyFigure/da0f7f3893b690ff9eda02c6c8b462ec is not a valid directory, skipping.
Warning: /workspace/ToyFigure/afc6565a63ab5897e6597d3a0393435c is not a valid directory, skipping.
Warning: /workspace/ToyFigure/32661bba4a8063095093b263e7c69565 is not a valid directory, skipping.
Warning: /workspace/ToyFigure/84c2dd765877d5f553b4f77adb46c92a is not a valid directory, skipping.
Warning: /workspace/ToyFigure/2e64972982a073ff8359e487c70b625e is not a valid directory, skipping.
Warning: /workspace/ToyFigure/21272fcb242e4e85a4312dac0c0f355c is not a valid directory, skipping.
Warning: /workspace/ToyFigure/f2f397733f14198115c3f92f810cab08 is not a valid directory, skipping.
Warning: /workspace/ToyFigure/12ddd9e1fa8912ae1bfccceeaa1b7669 is not a valid directory, skipping.
Warning: /workspace/ToyFigure/87bf190248b454fd8b3bc7adf52c7243 is not a valid directory, skipping.
Warning: /workspace/ToyFigure/88a8e1aa4abb50287c1f504c6aa026af is not a valid directory, skipping.
Warning: /workspace/ToyFigure/5908022a1e5b8ec3adf5ea2911b3df77 is not a valid directory, skipping.
Warning: /workspace/ToyFigure/ca64eeb7b0823ca2bc946a1e4b0c1ae1 is not a valid directory, skipping.
Warning: /workspace/ToyFigure/7b1aa17a326177a1fad30cd586639ed2 is not a valid directory, skipping.
Warning: /workspace/ToyFigure/9228911f4728e71e311588cd2f5b5b60 is not a valid directory, skipping.
Warning: /workspace/ToyFigure/47204f6aaa776c7bf8208b6313b1ffa0 is not a valid directory, skipping.
Warning: /workspace/ToyFigure/3f76a67b083d2a045136774b39da07bf is not a valid directory, skipping.
Warning: /workspace/ToyFigure/47337e2941a1f64c1b62ac564eb0516b is not a valid directory, skipping.
Warning: /workspace/ToyFigure/6897b6e1470cdd4af8e8ff67ecd10c0b is not a valid directory, skipping.
Warning: /workspace/ToyFigure/2daedbac8e1ee36f57467549cdfd9eb3 is not a valid directory, skipping.
Warning: /workspace/ToyFigure/50c9c9392ae7403c648c1a69840a0330 is not a valid directory, skipping.
Warning: /workspace/ToyFigure/cecd11cf7a682fdb929c2dad9ce0ee is not a valid directory, skipping.
Warning: /workspace/ToyFigure/3088a06a2a41238fedcf241999f58538 is not a valid directory, skipping.
Warning: /workspace/ToyFigure/5849956e579b006674c7221f16c9f5a2 is not a valid directory, skipping.
Warning: /workspace/ToyFigure/31fb6849b47dd54c9c184d4625d13a0d is not a valid directory, skipping.
Warning: /workspace/Vase/9b9406be65ab942f7c0ffcaa63ee0500 is not a valid directory, skipping.
Warning: /workspace/Vase/a4e262972400fa1bcf6209b3dc64e077 is not a valid directory, skipping.
Warning: /workspace/Vase/d812011d158b5e3435836c728d324152 is not a valid directory, skipping.
Warning: /workspace/Vase/472dc5f703cd91c835836c728d324152 is not a valid directory, skipping.
Warning: /workspace/Vase/5a18998cfe6c75263e3e7e4207e4f102 is not a valid directory, skipping.
Warning: /workspace/Vase/be15eb13b784d6c935836c728d324152 is not a valid directory, skipping.
Warning: /workspace/Vase/ace45c3e1de6058ee694be5819d751ba is not a valid directory, skipping.
Warning: /workspace/Vase/dcd904b1a65d36f25954af3f5fca0876 is not a valid directory, skipping.
Warning: /workspace/Vase/a35b3de8b261f5599ee3b9136941230 is not a valid directory, skipping.
Warning: /workspace/Vase/7b97f7b6ba604173fec8ec00010848b3 is not a valid directory, skipping.
Warning: /workspace/Vase/415a96bfbb45b3ee35836c728d324152 is not a valid directory, skipping.
Warning: /workspace/Vase/32e863f0d34384cc7ad908dd9229dac8 is not a valid directory, skipping.
Warning: /workspace/Vase/b615e58e79bd2aa1561dce3fe08634b7 is not a valid directory, skipping.
Warning: /workspace/Vase/9e7a60f4338bd4f382dcf870385fe09e is not a valid directory, skipping.
Warning: /workspace/Vase/40f0d91382abe04b2396ca3dd50467ab is not a valid directory, skipping.
Warning: /workspace/Vase/fc9b84aae4d7aa31b3eb9231ca0d67f2 is not a valid directory, skipping.
Warning: /workspace/Vase/9cabda39008f86316d075d8d4fe1141 is not a valid directory, skipping.
Warning: /workspace/Vase/d2b45cdfcfb75861eca6b4e05d53da1a is not a valid directory, skipping.
Warning: /workspace/Vase/807620fed80ead9672160feea2b67fe8 is not a valid directory, skipping.
Warning: /workspace/Vase/deaa26bac4809cdbe69433742d227857 is not a valid directory, skipping.
Warning: /workspace/Vase/705824eed1eb58f0ee106795de609335 is not a valid directory, skipping.
Warning: /workspace/Vase/884b167e2c44a19930eaaf40a8a562c1 is not a valid directory, skipping.
Warning: /workspace/Vase/a891dc805b93d01370a43c2d978e502e is not a valid directory, skipping.
Warning: /workspace/Vase/c637b5e2387eec7421aff7e1274fec72 is not a valid directory, skipping.
Warning: /workspace/Vase/e0bf4bf06f17f07a8f5635ac8b18fdb9 is not a valid directory, skipping.
Warning: /workspace/Vase/1febe89e0336d5bcee106795de609335 is not a valid directory, skipping.
Warning: /workspace/Vase/56a6f9bab3aef1b88a649b7864cb0854 is not a valid directory, skipping.
Warning: /workspace/Vase/e3460d6578d619c935836c728d324152 is not a valid directory, skipping.
Warning: /workspace/Vase/7545c5b7700887a635836c728d324152 is not a valid directory, skipping.
Warning: /workspace/Vase/e90d611a334c531735836c728d324152 is not a valid directory, skipping.
Warning: /workspace/Vase/d3978e26d3e0d773b3ffb0c309689ebd is not a valid directory, skipping.
Warning: /workspace/Vase/c6b6ecfd4d5d752a265d1076b4b6c5c is not a valid directory, skipping.
Warning: /workspace/Vase/5e6c6769815668b817ba4f4092c6f41 is not a valid directory, skipping.
Warning: /workspace/Vase/cdc6bd336446234c2b151d8b52c53b90 is not a valid directory, skipping.
Warning: /workspace/Vase/6af347c8e74b5b715d878ba9ec3c0d6a is not a valid directory, skipping.
Warning: /workspace/Vase/82f323529563fca65706d1c54190f27a is not a valid directory, skipping.
Warning: /workspace/Vase/59cf4966f108d8f1db88a58e9c22108d is not a valid directory, skipping.
Warning: /workspace/Vase/661f1f07ee3cf13a77d7528e1646c585 is not a valid directory, skipping.
Warning: /workspace/Vase/36633813dbc213c135836c728d324152 is not a valid directory, skipping.
Warning: /workspace/Vase/aeb38b405aedf355be73768c654c5bcd is not a valid directory, skipping.
Warning: /workspace/Vase/ad64ff0a281c92b7eb895521e4d63cbe is not a valid directory, skipping.
Warning: /workspace/Vase/a0320e94417cce5b35836c728d324152 is not a valid directory, skipping.
Warning: /workspace/Vase/c61fb2d0f5e3daa5edd4171cd40b3feb is not a valid directory, skipping.
Warning: /workspace/Vase/2052e69d5151c5d535836c728d324152 is not a valid directory, skipping.
Warning: /workspace/Vase/d6b6a7a860cfeeda2f2318fdd66be40a is not a valid directory, skipping.
Warning: /workspace/Vase/12d643221a3edaa4ab361b6be63163da is not a valid directory, skipping.
Warning: /workspace/Vase/7366d4cca1110f3b35836c728d324152 is not a valid directory, skipping.
Warning: /workspace/Vase/eae9b73011d43a8472547df788ccb748 is not a valid directory, skipping.
Warning: /workspace/Vase/ea4b33d425d8535047efcaa87d68903f is not a valid directory, skipping.
Warning: /workspace/Vase/a16e051fe5507ae2396ca3dd50467ab is not a valid directory, skipping.
Warning: /workspace/Vase/8302f9cd5e454de85d878ba9ec3c0d6a is not a valid directory, skipping.
Warning: /workspace/Vase/e54d94d05be8294235836c728d324152 is not a valid directory, skipping.
Warning: /workspace/Vase/17b6b2b09458f1a435836c728d324152 is not a valid directory, skipping.
Warning: /workspace/Vase/89b700544754787d5385ca988a40ed06 is not a valid directory, skipping.
Warning: /workspace/Vase/d74e6a54e500b5744f9bdb71bf603cdc is not a valid directory, skipping.
Warning: /workspace/Vase/1a8f9295b44b48895e8c5748ca5ef3ea is not a valid directory, skipping.
Warning: /workspace/Vase/3e8fd535abd8381c614be109ad41e469 is not a valid directory, skipping.
Warning: /workspace/Vase/ceff9f8c32f704ac35836c728d324152 is not a valid directory, skipping.
Warning: /workspace/Vase/e0a8f8e79f18f7c8561dce3fe08634b7 is not a valid directory, skipping.
Warning: /workspace/Vase/ef5269ba557da598561dce3fe08634b7 is not a valid directory, skipping.
Warning: /workspace/Vase/8b56cc59b433b83d42266d3d768f0d70 is not a valid directory, skipping.
Warning: /workspace/Vase/4cd37983220c5949946c2e1ea428382a is not a valid directory, skipping.
Warning: /workspace/Vase/32dc55c3e945384dbc5e533ab711fd24 is not a valid directory, skipping.
Warning: /workspace/Vase/bcf5a4b764ddeac759f9892433e1b1f4 is not a valid directory, skipping.
Warning: /workspace/Vase/f2bca260373c420f535deb3b0c692a2a is not a valid directory, skipping.
Warning: /workspace/Vase/ac0bbb80cceac3b5a876db93df8645ad is not a valid directory, skipping.
Warning: /workspace/Vase/2c6371533c97c5c135836c728d324152 is not a valid directory, skipping.
Warning: /workspace/Vase/8029c2527230111aad1d789f3b2120d0 is not a valid directory, skipping.
Warning: /workspace/Vase/2fc5fff977ac930050b92125e5fcb8ac is not a valid directory, skipping.
Warning: /workspace/Vase/b1584e986a706101773b5d04f2ffad47 is not a valid directory, skipping.
Warning: /workspace/Vase/d1f9e06eeb9e5fe237af722b64576c2 is not a valid directory, skipping.
Warning: /workspace/Vase/c129a8ee633cc30430e9519d8ae32613 is not a valid directory, skipping.
Warning: /workspace/Vase/773f9776383591413154b9d0607cd85d is not a valid directory, skipping.
Warning: /workspace/Vase/1f5c74f0a55cbf9798d5fc0473d00a1c is not a valid directory, skipping.
Warning: /workspace/Vase/1654250bf1bc5a0131fef20bb2ae787e is not a valid directory, skipping.
Warning: /workspace/Vase/1730e6c6a37f19abefae06b5b9950833 is not a valid directory, skipping.
Warning: /workspace/Vase/418003a4a24e2c18265d1076b4b6c5c is not a valid directory, skipping.
Warning: /workspace/Vase/7e0dd6e52ce37b52f690049a092c5efc is not a valid directory, skipping.
Warning: /workspace/Vase/6519a8929afa98739de171e0db680498 is not a valid directory, skipping.
Warning: /workspace/Vase/770df0065c50c19dd884646143528886 is not a valid directory, skipping.
Warning: /workspace/Vase/4835bb37072cb5dafc23d64476f7d890 is not a valid directory, skipping.
Warning: /workspace/Vase/ef5942b7b3d3dc7f35836c728d324152 is not a valid directory, skipping.
Warning: /workspace/Vase/6f2c815565cfdb97a1c637e821f12a67 is not a valid directory, skipping.
Warning: /workspace/Vase/78a72d794865e0cc35836c728d324152 is not a valid directory, skipping.
Warning: /workspace/Vase/9c06b546a29ccb2f2c27670a86683659 is not a valid directory, skipping.
Warning: /workspace/WineBottle/24feb92770933b1663995fb119e59971 is not a valid directory, skipping.
Warning: /workspace/WineBottle/758fb2cab125eb6b153b368d6f14e275 is not a valid directory, skipping.
Warning: /workspace/WineBottle/fa44223c6f785c60e71da2487cb2ee5b is not a valid directory, skipping.
Warning: /workspace/WineBottle/546111e6869f41aca577e3e5353dd356 is not a valid directory, skipping.
Warning: /workspace/WineBottle/7746997b8cfd8d11f4718731863dd64d is not a valid directory, skipping.
Warning: /workspace/WineBottle/437678d4bc6be981c8724d5673a063a6 is not a valid directory, skipping.
Warning: /workspace/WineBottle/5ad47181a9026fc728cc22dce7529b69 is not a valid directory, skipping.
Warning: /workspace/WineBottle/d35ad6fe1db522f8593a35122199a8ce is not a valid directory, skipping.
Warning: /workspace/WineBottle/8cd9b10f611ac28e866a1445c8fba9da is not a valid directory, skipping.
Warning: /workspace/WineBottle/7b1fc86844257f8fa54fd40ef3a8dfd0 is not a valid directory, skipping.
Warning: /workspace/WineBottle/621e786d6343d3aa2c96718b14a4add9 is not a valid directory, skipping.
Warning: /workspace/WineBottle/a34966853ab2272ab2047d3072d5e051 is not a valid directory, skipping.
Warning: /workspace/WineBottle/1c79735033726294724d5ee7f09ab66b is not a valid directory, skipping.
Warning: /workspace/WineBottle/e101cc44ead036294bc79c881a0e818b is not a valid directory, skipping.
Warning: /workspace/WineBottle/114509277e76e413c8724d5673a063a6 is not a valid directory, skipping.
Warning: /workspace/WineGlass/461664fa3a9ad7a18ee45bd8e008284e is not a valid directory, skipping.
Warning: /workspace/WineGlass/560807ead8bcbebf94bbacc83c160625 is not a valid directory, skipping.
Warning: /workspace/WineGlass/e679ad6179be41ccb444b3a14f91a38c is not a valid directory, skipping.
Warning: /workspace/WineGlass/2d89d2b3b6749a9d99fbba385cc0d41d is not a valid directory, skipping.
Warning: /workspace/WineGlass/9d506eb0e13514e167816b64852d28f is not a valid directory, skipping.
Warning: /workspace/WineGlass/a8bfc06799c33472af4429cef16e2ed1 is not a valid directory, skipping.
Warning: /workspace/WineGlass/ec742ff34906e5e890234001fde0a408 is not a valid directory, skipping.
Warning: /workspace/WineGlass/48c8f3176fbe7b37384368499a680cf1 is not a valid directory, skipping.
Dataset length: 0
